# name: test_create_jitsi_meet_deterministic_urls
  <class 'JitsiMeet'> (
    deeplink='jitsi-meet://practice-practice-practice-X0rhbi4w1bXFwd5H',
    join_url='https://meet.jit.si/practice-practice-practice-X0rhbi4w1bXFwd5H',
  )
---
