# name: test_parse_human_readable_datetime[9/25 2:30 pm cdt]
  '2020-09-25T19:30:00+00:00'
---
# name: test_parse_human_readable_datetime[on friday at 2pm cst]
  '2020-09-25T19:00:00+00:00'
---
# name: test_parse_human_readable_datetime[today 2pm edt]
  '2020-09-25T18:00:00+00:00'
---
# name: test_parse_human_readable_datetime[today 8:25pm edt]
  '2020-09-26T00:25:00+00:00'
---
# name: test_parse_human_readable_datetime[today at 2pm edt]
  '2020-09-25T18:00:00+00:00'
---
# name: test_parse_human_readable_datetime[tomorrow 2pm pdt]
  '2020-09-26T21:00:00+00:00'
---
